%CPU %MEM ARGS Mon Oct  5 02:19:37 UTC 2026
 0.0  0.0 ./cli mmap images/4096x4096   1  3880
 0.0  0.0 grep --color=auto ./cli       1  2300
10.9  4.8 ./cli kernel images/4096x40   0 394848
10.9  4.8 ./cli kernel images/4096x40   1 394852
10.9  4.8 ./cli kernel images/4096x40   0 394936
11.1  4.8 ./cli kernel images/4096x40   0 394912
11.1  4.8 ./cli kernel images/4096x40   1 395004
  PID User     Command                         Swap      USS      PSS      RSS 
23452 codespace /usr/bin/python3 /usr/bin/s        0    12108    12293    14580 
23455 codespace ./cli mmap images/4096x4096        0    31384    31448    32936 
16781 codespace ./cli kernel images/4096x40        0   393332   393396   394848 
16785 codespace ./cli kernel images/4096x40        0   393336   393399   394852 
16787 codespace ./cli kernel images/4096x40        0   393332   393399   394912 
16783 codespace ./cli kernel images/4096x40        0   393332   393400   394936 
16779 codespace ./cli kernel images/4096x40        0   393336   393405   395004 
%CPU %MEM ARGS Mon Oct  5 02:19:38 UTC 2026
 0.0  0.0 grep --color=auto ./cli       0  2172
10.9  4.8 ./cli kernel images/4096x40   0 394848
10.9  4.8 ./cli kernel images/4096x40   0 394852
11.0  4.8 ./cli kernel images/4096x40   1 394936
11.1  4.8 ./cli kernel images/4096x40   1 394912
11.2  4.8 ./cli kernel images/4096x40   1 395004
24.1  0.5 ./cli mmap images/4096x4096   1 45232
  PID User     Command                         Swap      USS      PSS      RSS 
23467 codespace /usr/bin/python3 /usr/bin/s        0    12156    12343    14664 
23455 codespace ./cli mmap images/4096x4096        0    68508    68566    70060 
16785 codespace ./cli kernel images/4096x40        0   393336   393391   394852 
16781 codespace ./cli kernel images/4096x40        0   393332   393392   394848 
16787 codespace ./cli kernel images/4096x40        0   393332   393393   394912 
16779 codespace ./cli kernel images/4096x40        0   393336   393396   395004 
16783 codespace ./cli kernel images/4096x40        0   393332   393396   394936 
%CPU %MEM ARGS Mon Oct  5 02:19:39 UTC 2026
 0.0  0.0 grep --color=auto ./cli       1  2172
10.9  4.8 ./cli kernel images/4096x40   0 394848
11.0  4.8 ./cli kernel images/4096x40   0 394852
11.0  4.8 ./cli kernel images/4096x40   1 394936
11.1  4.8 ./cli kernel images/4096x40   0 394912
11.2  4.8 ./cli kernel images/4096x40   1 395004
20.3  1.0 ./cli mmap images/4096x4096   1 82992
  PID User     Command                         Swap      USS      PSS      RSS 
23496 codespace /usr/bin/python3 /usr/bin/s        0     9000    10735    14528 
23455 codespace ./cli mmap images/4096x4096        0   103792   103855   105344 
16781 codespace ./cli kernel images/4096x40        0   393332   393396   394848 
16783 codespace ./cli kernel images/4096x40        0   393332   393400   394936 
16785 codespace ./cli kernel images/4096x40        0   393336   393400   394852 
16787 codespace ./cli kernel images/4096x40        0   393332   393402   394912 
16779 codespace ./cli kernel images/4096x40        0   393336   393407   395004 
%CPU %MEM ARGS Mon Oct  5 02:19:40 UTC 2026
 0.0  0.0 grep --color=auto ./cli       0  2160
10.9  4.8 ./cli kernel images/4096x40   0 394848
11.0  4.8 ./cli kernel images/4096x40   0 394852
11.0  4.8 ./cli kernel images/4096x40   0 394936
11.1  4.8 ./cli kernel images/4096x40   1 394912
11.2  4.8 ./cli kernel images/4096x40   1 395004
20.8  1.4 ./cli mmap images/4096x4096   1 118436
  PID User     Command                         Swap      USS      PSS      RSS 
23514 codespace /usr/bin/python3 /usr/bin/s        0    12108    12293    14568 
23455 codespace ./cli mmap images/4096x4096        0   141292   141356   142844 
16781 codespace ./cli kernel images/4096x40        0   393332   393396   394848 
16785 codespace ./cli kernel images/4096x40        0   393336   393399   394852 
16787 codespace ./cli kernel images/4096x40        0   393332   393399   394912 
16783 codespace ./cli kernel images/4096x40        0   393332   393400   394936 
16779 codespace ./cli kernel images/4096x40        0   393336   393405   395004 
%CPU %MEM ARGS Mon Oct  5 02:19:41 UTC 2026
 0.0  0.0 grep --color=auto ./cli       0  2280
10.9  4.8 ./cli kernel images/4096x40   1 394848
11.0  4.8 ./cli kernel images/4096x40   0 394852
11.0  4.8 ./cli kernel images/4096x40   0 394936
11.2  4.8 ./cli kernel images/4096x40   0 394912
11.2  4.8 ./cli kernel images/4096x40   1 395004
21.5  1.9 ./cli mmap images/4096x4096   1 157860
  PID User     Command                         Swap      USS      PSS      RSS 
23525 codespace /usr/bin/python3 /usr/bin/s        0    12112    12295    14532 
23455 codespace ./cli mmap images/4096x4096        0   173584   173648   175136 
16781 codespace ./cli kernel images/4096x40        0   393332   393394   394848 
16785 codespace ./cli kernel images/4096x40        0   393336   393398   394852 
16783 codespace ./cli kernel images/4096x40        0   393332   393399   394936 
16787 codespace ./cli kernel images/4096x40        0   393332   393399   394912 
16779 codespace ./cli kernel images/4096x40        0   393336   393404   395004 
%CPU %MEM ARGS Mon Oct  5 02:19:42 UTC 2026
 0.0  0.0 grep --color=auto ./cli       0  2208
11.0  4.8 ./cli kernel images/4096x40   1 394848
11.0  4.8 ./cli kernel images/4096x40   0 394852
11.0  4.8 ./cli kernel images/4096x40   0 394936
11.2  4.8 ./cli kernel images/4096x40   1 394912
11.2  4.8 ./cli kernel images/4096x40   1 395004
21.1  2.3 ./cli mmap images/4096x4096   1 189208
  PID User     Command                         Swap      USS      PSS      RSS 
23542 codespace /usr/bin/python3 /usr/bin/s        0    12116    12302    14572 
23455 codespace ./cli mmap images/4096x4096        0   218696   218760   220248 
16781 codespace ./cli kernel images/4096x40        0   393332   393395   394848 
16783 codespace ./cli kernel images/4096x40        0   393332   393398   394936 
16785 codespace ./cli kernel images/4096x40        0   393336   393398   394852 
16787 codespace ./cli kernel images/4096x40        0   393332   393401   394912 
16779 codespace ./cli kernel images/4096x40        0   393336   393405   395004 
%CPU %MEM ARGS Mon Oct  5 02:19:43 UTC 2026
 0.0  0.0 grep --color=auto ./cli       0  2180
11.0  4.8 ./cli kernel images/4096x40   0 394848
11.0  4.8 ./cli kernel images/4096x40   1 394852
11.0  4.8 ./cli kernel images/4096x40   1 394936
11.2  4.8 ./cli kernel images/4096x40   0 394912
11.2  4.8 ./cli kernel images/4096x40   1 395004
21.4  2.8 ./cli mmap images/4096x4096   1 233904
  PID User     Command                         Swap      USS      PSS      RSS 
23549 codespace /usr/bin/python3 /usr/bin/s        0     7652    10089    14660 
23553 codespace /usr/bin/python3 /usr/bin/s        0     7704    10136    14680 
23455 codespace ./cli mmap images/4096x4096        0   256760   256821   258312 
16781 codespace ./cli kernel images/4096x40        0   393332   393395   394848 
16787 codespace ./cli kernel images/4096x40        0   393332   393396   394912 
16785 codespace ./cli kernel images/4096x40        0   393336   393398   394852 
16783 codespace ./cli kernel images/4096x40        0   393332   393399   394936 
16779 codespace ./cli kernel images/4096x40        0   393336   393405   395004 
%CPU %MEM ARGS Mon Oct  5 02:19:44 UTC 2026
 0.0  0.0 grep --color=auto ./cli       1  2212
11.0  4.8 ./cli kernel images/4096x40   1 394848
11.0  4.8 ./cli kernel images/4096x40   1 394852
11.0  4.8 ./cli kernel images/4096x40   0 394936
11.2  4.8 ./cli kernel images/4096x40   0 394912
11.3  4.8 ./cli kernel images/4096x40   1 395004
21.6  3.4 ./cli mmap images/4096x4096   0 276552
  PID User     Command                         Swap      USS      PSS      RSS 
23589 codespace /usr/bin/python3 /usr/bin/s        0     7556     9982    14588 
23593 codespace /usr/bin/python3 /usr/bin/s        0     7704    10130    14736 
23455 codespace ./cli mmap images/4096x4096        0   296304   296364   297856 
16781 codespace ./cli kernel images/4096x40        0   393332   393391   394848 
16783 codespace ./cli kernel images/4096x40        0   393332   393394   394936 
16785 codespace ./cli kernel images/4096x40        0   393336   393394   394852 
16787 codespace ./cli kernel images/4096x40        0   393332   393396   394912 
16779 codespace ./cli kernel images/4096x40        0   393336   393401   395004 
%CPU %MEM ARGS Mon Oct  5 02:19:44 UTC 2026
 0.0  0.0 grep --color=auto ./cli       1  2176
 0.0  0.0 grep --color=auto ./cli       0  2244
11.0  4.8 ./cli kernel images/4096x40   1 394848
11.1  4.8 ./cli kernel images/4096x40   1 394852
11.1  4.8 ./cli kernel images/4096x40   1 394936
11.2  4.8 ./cli kernel images/4096x40   0 394912
11.3  4.8 ./cli kernel images/4096x40   0 395004
22.2  3.9 ./cli mmap images/4096x4096   0 320832
  PID User     Command                         Swap      USS      PSS      RSS 
23607 codespace /usr/bin/python3 /usr/bin/s        0     7556     9987    14564 
23612 codespace /usr/bin/python3 /usr/bin/s        0     7576    10005    14524 
23455 codespace ./cli mmap images/4096x4096        0   345008   345071   346560 
16781 codespace ./cli kernel images/4096x40        0   393332   393395   394848 
16785 codespace ./cli kernel images/4096x40        0   393336   393398   394852 
16787 codespace ./cli kernel images/4096x40        0   393332   393398   394912 
16783 codespace ./cli kernel images/4096x40        0   393332   393399   394936 
16779 codespace ./cli kernel images/4096x40        0   393336   393405   395004 
%CPU %MEM ARGS Mon Oct  5 02:19:45 UTC 2026
 0.0  0.0 grep --color=auto ./cli       1  2184
 0.0  0.0 grep --color=auto ./cli       1  2252
11.0  4.8 ./cli kernel images/4096x40   0 394848
11.1  4.8 ./cli kernel images/4096x40   1 394852
11.1  4.8 ./cli kernel images/4096x40   1 394936
11.3  4.8 ./cli kernel images/4096x40   0 394912
11.3  4.8 ./cli kernel images/4096x40   0 395004
22.4  4.4 ./cli mmap images/4096x4096   1 364848
  PID User     Command                         Swap      USS      PSS      RSS 
23619 codespace /usr/bin/python3 /usr/bin/s        0     7556    10002    14564 
23621 codespace /usr/bin/python3 /usr/bin/s        0     7752    10213    14812 
23455 codespace ./cli mmap images/4096x4096        0   390056   390119   391608 
16781 codespace ./cli kernel images/4096x40        0   393332   393395   394848 
16783 codespace ./cli kernel images/4096x40        0   393332   393398   394936 
16785 codespace ./cli kernel images/4096x40        0   393336   393398   394852 
16787 codespace ./cli kernel images/4096x40        0   393332   393399   394912 
16779 codespace ./cli kernel images/4096x40        0   393336   393405   395004 
%CPU %MEM ARGS Mon Oct  5 02:19:46 UTC 2026
 0.0  0.0 grep --color=auto ./cli       1  2172
11.0  4.8 ./cli kernel images/4096x40   1 394848
11.1  4.8 ./cli kernel images/4096x40   0 394852
11.1  4.8 ./cli kernel images/4096x40   0 394936
11.3  4.8 ./cli kernel images/4096x40   1 394912
11.3  4.8 ./cli kernel images/4096x40   0 395004
22.7  5.3 ./cli mmap images/4096x4096   0 435728
  PID User     Command                         Swap      USS      PSS      RSS 
23630 codespace /usr/bin/python3 /usr/bin/s        0     7560     9988    14592 
23632 codespace /usr/bin/python3 /usr/bin/s        0     7708    10149    14768 
16781 codespace ./cli kernel images/4096x40        0   393332   393395   394848 
16783 codespace ./cli kernel images/4096x40        0   393332   393397   394936 
16785 codespace ./cli kernel images/4096x40        0   393336   393397   394852 
16787 codespace ./cli kernel images/4096x40        0   393332   393397   394912 
16779 codespace ./cli kernel images/4096x40        0   393336   393405   395004 
23455 codespace ./cli mmap images/4096x4096        0   500468   500529   502020 
%CPU %MEM ARGS Mon Oct  5 02:19:47 UTC 2026
 0.0  0.0 grep --color=auto ./cli       1  2176
 0.0  0.0 grep --color=auto ./cli       1  2208
11.1  4.8 ./cli kernel images/4096x40   1 394848
11.1  4.8 ./cli kernel images/4096x40   1 394852
11.1  4.8 ./cli kernel images/4096x40   1 394936
11.3  4.8 ./cli kernel images/4096x40   1 394912
11.3  4.8 ./cli kernel images/4096x40   1 395004
22.5  6.7 ./cli mmap images/4096x4096   1 548964
  PID User     Command                         Swap      USS      PSS      RSS 
23649 codespace /usr/bin/python3 /usr/bin/s        0     7308     9716    14280 
23647 codespace /usr/bin/python3 /usr/bin/s        0     7668    10056    14568 
16781 codespace ./cli kernel images/4096x40        0   393332   393395   394848 
16783 codespace ./cli kernel images/4096x40        0   393332   393398   394936 
16785 codespace ./cli kernel images/4096x40        0   393336   393398   394852 
16787 codespace ./cli kernel images/4096x40        0   393332   393398   394912 
16779 codespace ./cli kernel images/4096x40        0   393336   393405   395004 
23455 codespace ./cli mmap images/4096x4096        0   582772   582835   584324 
%CPU %MEM ARGS Mon Oct  5 02:19:48 UTC 2026
 0.0  0.0 grep --color=auto ./cli       0  2248
11.1  4.8 ./cli kernel images/4096x40   0 394848
11.1  4.8 ./cli kernel images/4096x40   0 394852
11.1  4.8 ./cli kernel images/4096x40   0 394936
11.3  4.8 ./cli kernel images/4096x40   0 394912
11.4  4.8 ./cli kernel images/4096x40   1 395004
22.3  7.2 ./cli mmap images/4096x4096   0 591496
  PID User     Command                         Swap      USS      PSS      RSS 
23656 codespace /usr/bin/python3 /usr/bin/s        0    12108    12255    14512 
16781 codespace ./cli kernel images/4096x40        0   393332   393396   394848 
16785 codespace ./cli kernel images/4096x40        0   393336   393399   394852 
16787 codespace ./cli kernel images/4096x40        0   393332   393399   394912 
16783 codespace ./cli kernel images/4096x40        0   393332   393400   394936 
16779 codespace ./cli kernel images/4096x40        0   393336   393407   395004 
23455 codespace ./cli mmap images/4096x4096        0   589944   590007   591496 
%CPU %MEM ARGS Mon Oct  5 02:19:49 UTC 2026
 0.0  0.0 grep --color=auto ./cli       1  2288
11.1  4.8 ./cli kernel images/4096x40   1 394848
11.1  4.8 ./cli kernel images/4096x40   0 394936
11.1  4.8 ./cli kernel images/4096x40   0 394852
11.3  4.8 ./cli kernel images/4096x40   1 394912
11.4  4.8 ./cli kernel images/4096x40   1 395004
20.9  7.2 ./cli mmap images/4096x4096   1 591496
  PID User     Command                         Swap      USS      PSS      RSS 
23667 codespace /usr/bin/python3 /usr/bin/s        0    12112    12290    14492 
16781 codespace ./cli kernel images/4096x40        0   393332   393396   394848 
16785 codespace ./cli kernel images/4096x40        0   393336   393399   394852 
16783 codespace ./cli kernel images/4096x40        0   393332   393400   394936 
16787 codespace ./cli kernel images/4096x40        0   393332   393400   394912 
16779 codespace ./cli kernel images/4096x40        0   393336   393406   395004 
23455 codespace ./cli mmap images/4096x4096        0   589944   590010   591496 
%CPU %MEM ARGS Mon Oct  5 02:19:50 UTC 2026
 0.0  0.0 grep --color=auto ./cli       0  2156
11.1  4.8 ./cli kernel images/4096x40   1 394848
11.2  4.8 ./cli kernel images/4096x40   1 394936
11.2  4.8 ./cli kernel images/4096x40   1 394852
11.3  4.8 ./cli kernel images/4096x40   0 394912
11.4  4.8 ./cli kernel images/4096x40   0 395004
19.1  7.2 ./cli mmap images/4096x4096   1 591496
  PID User     Command                         Swap      USS      PSS      RSS 
23678 codespace /usr/bin/python3 /usr/bin/s        0    12112    12295    14596 
16781 codespace ./cli kernel images/4096x40        0   393332   393395   394848 
16787 codespace ./cli kernel images/4096x40        0   393332   393395   394912 
16785 codespace ./cli kernel images/4096x40        0   393336   393397   394852 
16783 codespace ./cli kernel images/4096x40        0   393332   393399   394936 
16779 codespace ./cli kernel images/4096x40        0   393336   393405   395004 
23455 codespace ./cli mmap images/4096x4096        0   589944   590008   591496 
%CPU %MEM ARGS Mon Oct  5 02:19:51 UTC 2026
 0.0  0.0 grep --color=auto ./cli       0  2168
11.1  4.8 ./cli kernel images/4096x40   0 394848
11.2  4.8 ./cli kernel images/4096x40   0 394936
11.2  4.8 ./cli kernel images/4096x40   1 394852
11.3  4.8 ./cli kernel images/4096x40   0 394912
11.4  4.8 ./cli kernel images/4096x40   0 395004
17.6  7.2 ./cli mmap images/4096x4096   1 591496
  PID User     Command                         Swap      USS      PSS      RSS 
23695 codespace /usr/bin/python3 /usr/bin/s        0     7712    10165    14792 
23691 codespace                                    0     7732    10214    15104 
16781 codespace ./cli kernel images/4096x40        0   393332   393395   394848 
16783 codespace ./cli kernel images/4096x40        0   393332   393398   394936 
16785 codespace ./cli kernel images/4096x40        0   393336   393398   394852 
16787 codespace ./cli kernel images/4096x40        0   393332   393398   394912 
16779 codespace ./cli kernel images/4096x40        0   393336   393405   395004 
23455 codespace ./cli mmap images/4096x4096        0   589944   590007   591496 
%CPU %MEM ARGS Mon Oct  5 02:19:52 UTC 2026
 0.0  0.0 grep --color=auto ./cli       0  2332
11.1  4.8 ./cli kernel images/4096x40   0 394848
11.2  4.8 ./cli kernel images/4096x40   0 394936
11.2  4.8 ./cli kernel images/4096x40   1 394852
11.3  4.8 ./cli kernel images/4096x40   1 394912
11.4  4.8 ./cli kernel images/4096x40   1 395004
16.3  7.2 ./cli mmap images/4096x4096   1 591496
  PID User     Command                         Swap      USS      PSS      RSS 
23706 codespace /usr/bin/python3 /usr/bin/s        0    12112    12302    14532 
16781 codespace ./cli kernel images/4096x40        0   393332   393395   394848 
16783 codespace ./cli kernel images/4096x40        0   393332   393399   394936 
16785 codespace ./cli kernel images/4096x40        0   393336   393399   394852 
16787 codespace ./cli kernel images/4096x40        0   393332   393399   394912 
16779 codespace ./cli kernel images/4096x40        0   393336   393404   395004 
23455 codespace ./cli mmap images/4096x4096        0   589944   590010   591496 
%CPU %MEM ARGS Mon Oct  5 02:19:53 UTC 2026
 0.0  0.0 grep --color=auto ./cli       0  2172
11.1  4.8 ./cli kernel images/4096x40   0 394848
11.2  4.8 ./cli kernel images/4096x40   1 394936
11.2  4.8 ./cli kernel images/4096x40   1 394852
11.4  4.8 ./cli kernel images/4096x40   1 394912
11.4  4.8 ./cli kernel images/4096x40   1 395004
14.9  7.2 ./cli mmap images/4096x4096   1 591496
  PID User     Command                         Swap      USS      PSS      RSS 
23729 codespace /usr/bin/python3 /usr/bin/s        0    12128    12340    14636 
16781 codespace ./cli kernel images/4096x40        0   393332   393396   394848 
16783 codespace ./cli kernel images/4096x40        0   393332   393400   394936 
16785 codespace ./cli kernel images/4096x40        0   393336   393401   394852 
16787 codespace ./cli kernel images/4096x40        0   393332   393402   394912 
16779 codespace ./cli kernel images/4096x40        0   393336   393405   395004 
